// Jest Snapshot v1, https://goo.gl/fbAQLP

exports[`Mock Mockkk 1`] = `undefined`;
